src/components/HeroBanner.tsx(3,70): error TS6133: 'Film' is declared but its value is never read.
src/components/HeroBanner.tsx(15,10): error TS6133: 'loadedImages' is declared but its value is never read.
src/components/HeroBanner.tsx(72,9): error TS6133: 'type' is declared but its value is never read.
src/components/QuickViewModal.tsx(3,19): error TS6133: 'Star' is declared but its value is never read.
src/components/QuickViewModal.tsx(6,1): error TS6133: 'EpisodeProgress' is declared but its value is never read.
src/components/QuickViewModal.tsx(37,11): error TS6133: 'source' is declared but its value is never read.
src/components/WatchHistory.tsx(1,8): error TS6133: 'React' is declared but its value is never read.
src/components/WatchHistory.tsx(3,40): error TS6133: 'Calendar' is declared but its value is never read.
src/components/WatchHistory.tsx(5,1): error TS6133: 'QualityBadge' is declared but its value is never read.
src/pages/Home.tsx(16,10): error TS6133: 'seasonalAnime' is declared but its value is never read.
src/pages/Home.tsx(17,10): error TS6133: 'upcomingAnime' is declared but its value is never read.
src/pages/Player.tsx(5,20): error TS6133: 'normalize' is declared but its value is never read.
src/pages/Player.tsx(44,9): error TS6133: 'user' is declared but its value is never read.
src/pages/Search.tsx(7,1): error TS6192: All imports in import declaration are unused.
